// Jest Snapshot v1, https://goo.gl/fbAQLP

exports[`App should render correcylt 1`] = `ShallowWrapper {}`;
